/media/sf_X_DRIVE/projects/test_slate/basic/eqv/ipu1/ILS2_RF_BASIC-1.0CUR/ILS2_RF_BASIC/verification/test/test_instructions/ALL_TI.test/EQSIM_to_EQSIM_E.test/EQSIM_to_EQSIM_E.test/0001_0043_0002_0001.exp
/media/sf_X_DRIVE/projects/test_slate/basic/eqv/ipu1/ILS2_RF_BASIC-1.0CUR/ILS2_RF_BASIC/verification/test/test_instructions/ALL_TI.test/EQSIM_to_EQSIM_E.test/EQSIM_to_EQSIM_E.test/0001_0043_0003_0001.exp
/media/sf_X_DRIVE/projects/test_slate/basic/eqv/ipu1/ILS2_RF_BASIC-1.0CUR/ILS2_RF_BASIC/verification/test/test_instructions/ALL_TI.test/EQSIM_to_EQSIM_E.test/EQSIM_to_EQSIM_E.test/0001_0043_0009_0002.exp
/media/sf_X_DRIVE/projects/test_slate/basic/eqv/ipu1/ILS2_RF_BASIC-1.0CUR/ILS2_RF_BASIC/verification/test/test_instructions/ALL_TI.test/EQSIM_to_EQSIM_E.test/EQSIM_to_EQSIM_E.test/0001_0043_0010_0002.exp
/media/sf_X_DRIVE/projects/test_slate/basic/eqv/ipu1/ILS2_RF_BASIC-1.0CUR/ILS2_RF_BASIC/verification/test/test_instructions/ALL_TI.test/EQSIM_to_EQSIM_E.test/EQSIM_to_EQSIM_E.test/0001_0044_0013_0002.exp
/media/sf_X_DRIVE/projects/test_slate/basic/eqv/ipu1/ILS2_RF_BASIC-1.0CUR/ILS2_RF_BASIC/verification/test/test_instructions/ALL_TI.test/EQSIM_to_EQSIM_E.test/EQSIM_to_EQSIM_E.test/0001_0044_0014_0002.exp
/media/sf_X_DRIVE/projects/test_slate/basic/eqv/ipu1/ILS2_RF_BASIC-1.0CUR/ILS2_RF_BASIC/verification/test/test_instructions/ALL_TI.test/EQSIM_to_EQSIM_E.test/EQSIM_to_EQSIM_E.test/0001_0059_0003_0002.exp
/media/sf_X_DRIVE/projects/test_slate/basic/eqv/ipu1/ILS2_RF_BASIC-1.0CUR/ILS2_RF_BASIC/verification/test/test_instructions/ALL_TI.test/EQSIM_to_EQSIM_E.test/EQSIM_to_EQSIM_E.test/0001_0064_0002_0001.exp
/media/sf_X_DRIVE/projects/test_slate/basic/eqv/ipu1/ILS2_RF_BASIC-1.0CUR/ILS2_RF_BASIC/verification/test/test_instructions/ALL_TI.test/EQSIM_to_EQSIM_E.test/EQSIM_to_EQSIM_E.test/0001_0064_0004_0001.exp
/media/sf_X_DRIVE/projects/test_slate/basic/eqv/ipu1/ILS2_RF_BASIC-1.0CUR/ILS2_RF_BASIC/verification/test/test_instructions/ALL_TI.test/EQSIM_to_EQSIM_E.test/EQSIM_to_EQSIM_E.test/0002_0003_0017_0002.exp
/media/sf_X_DRIVE/projects/test_slate/basic/eqv/ipu1/ILS2_RF_BASIC-1.0CUR/ILS2_RF_BASIC/verification/test/test_instructions/ALL_TI.test/EQSIM_to_EQSIM_E.test/EQSIM_to_EQSIM_E.test/0002_0003_0018_0002.exp
/media/sf_X_DRIVE/projects/test_slate/basic/eqv/ipu1/ILS2_RF_BASIC-1.0CUR/ILS2_RF_BASIC/verification/test/test_instructions/ALL_TI.test/EQSIM_to_EQSIM_E.test/EQSIM_to_EQSIM_E.test/0002_0003_0019_0002.exp
/media/sf_X_DRIVE/projects/test_slate/basic/eqv/ipu1/ILS2_RF_BASIC-1.0CUR/ILS2_RF_BASIC/verification/test/test_instructions/ALL_TI.test/EQSIM_to_EQSIM_E.test/EQSIM_to_EQSIM_E.test/0002_0003_0020_0002.exp
/media/sf_X_DRIVE/projects/test_slate/basic/eqv/ipu1/ILS2_RF_BASIC-1.0CUR/ILS2_RF_BASIC/verification/test/test_instructions/ALL_TI.test/EQSIM_to_EQSIM_E.test/EQSIM_to_EQSIM_E.test/0002_0065_0001_0001.exp
/media/sf_X_DRIVE/projects/test_slate/basic/eqv/ipu1/ILS2_RF_BASIC-1.0CUR/ILS2_RF_BASIC/verification/test/test_instructions/ALL_TI.test/EQSIM_to_EQSIM_E.test/EQSIM_to_EQSIM_E.test/0002_0065_0001_0002.exp
/media/sf_X_DRIVE/projects/test_slate/basic/eqv/ipu1/ILS2_RF_BASIC-1.0CUR/ILS2_RF_BASIC/verification/test/test_instructions/ALL_TI.test/EQSIM_to_EQSIM_E.test/EQSIM_to_EQSIM_E.test/0002_0065_0001_0003.exp
/media/sf_X_DRIVE/projects/test_slate/basic/eqv/ipu1/ILS2_RF_BASIC-1.0CUR/ILS2_RF_BASIC/verification/test/test_instructions/ALL_TI.test/EQSIM_to_EQSIM_E.test/EQSIM_to_EQSIM_E.test/0002_0066_0001_0002.exp
/media/sf_X_DRIVE/projects/test_slate/basic/eqv/ipu1/ILS2_RF_BASIC-1.0CUR/ILS2_RF_BASIC/verification/test/test_instructions/ALL_TI.test/EQSIM_to_EQSIM_E.test/EQSIM_to_EQSIM_E.test/0003_0030_0010_0001.exp
/media/sf_X_DRIVE/projects/test_slate/basic/eqv/ipu1/ILS2_RF_BASIC-1.0CUR/ILS2_RF_BASIC/verification/test/test_instructions/ALL_TI.test/EQSIM_to_EQSIM_E.test/EQSIM_to_EQSIM_E.test/0003_0030_0012_0001.exp
/media/sf_X_DRIVE/projects/test_slate/basic/eqv/ipu1/ILS2_RF_BASIC-1.0CUR/ILS2_RF_BASIC/verification/test/test_instructions/ALL_TI.test/EQSIM_to_EQSIM_E.test/EQSIM_to_EQSIM_E.test/0003_0037_0002_0001.exp
/media/sf_X_DRIVE/projects/test_slate/basic/eqv/ipu1/ILS2_RF_BASIC-1.0CUR/ILS2_RF_BASIC/verification/test/test_instructions/ALL_TI.test/EQSIM_to_EQSIM_E.test/EQSIM_to_EQSIM_E.test/0003_0040_0002_0001.exp
/media/sf_X_DRIVE/projects/test_slate/basic/eqv/ipu1/ILS2_RF_BASIC-1.0CUR/ILS2_RF_BASIC/verification/test/test_instructions/ALL_TI.test/EQSIM_to_EQSIM_E.test/EQSIM_to_EQSIM_E.test/0003_0040_0003_0001.exp
/media/sf_X_DRIVE/projects/test_slate/basic/eqv/ipu1/ILS2_RF_BASIC-1.0CUR/ILS2_RF_BASIC/verification/test/test_instructions/ALL_TI.test/EQSIM_to_EQSIM_E.test/EQSIM_to_EQSIM_E.test/0003_0040_0004_0001.exp
/media/sf_X_DRIVE/projects/test_slate/basic/eqv/ipu1/ILS2_RF_BASIC-1.0CUR/ILS2_RF_BASIC/verification/test/test_instructions/ALL_TI.test/EQSIM_to_EQSIM_E.test/EQSIM_to_EQSIM_E.test/0003_0040_0005_0001.exp
/media/sf_X_DRIVE/projects/test_slate/basic/eqv/ipu1/ILS2_RF_BASIC-1.0CUR/ILS2_RF_BASIC/verification/test/test_instructions/ALL_TI.test/EQSIM_to_EQSIM_E.test/EQSIM_to_EQSIM_E.test/0003_0059_0005_0003.exp
/media/sf_X_DRIVE/projects/test_slate/basic/eqv/ipu1/ILS2_RF_BASIC-1.0CUR/ILS2_RF_BASIC/verification/test/test_instructions/ALL_TI.test/EQSIM_to_EQSIM_E.test/EQSIM_to_EQSIM_E.test/0003_0059_0005_0004.exp
/media/sf_X_DRIVE/projects/test_slate/basic/eqv/ipu1/ILS2_RF_BASIC-1.0CUR/ILS2_RF_BASIC/verification/test/test_instructions/ALL_TI.test/EQSIM_to_EQSIM_E.test/EQSIM_to_EQSIM_E.test/0003_0059_0005_0005.exp
/media/sf_X_DRIVE/projects/test_slate/basic/eqv/ipu1/ILS2_RF_BASIC-1.0CUR/ILS2_RF_BASIC/verification/test/test_instructions/ALL_TI.test/EQSIM_to_EQSIM_E.test/EQSIM_to_EQSIM_E.test/0003_0059_0005_0006.exp
/media/sf_X_DRIVE/projects/test_slate/basic/eqv/ipu1/ILS2_RF_BASIC-1.0CUR/ILS2_RF_BASIC/verification/test/test_instructions/ALL_TI.test/EQSIM_to_EQSIM_E.test/EQSIM_to_EQSIM_E.test/0003_0059_0005_0007.exp
/media/sf_X_DRIVE/projects/test_slate/basic/eqv/ipu1/ILS2_RF_BASIC-1.0CUR/ILS2_RF_BASIC/verification/test/test_instructions/ALL_TI.test/EQSIM_to_EQSIM_E.test/EQSIM_to_EQSIM_E.test/0003_0060_0001_0001.exp
/media/sf_X_DRIVE/projects/test_slate/basic/eqv/ipu1/ILS2_RF_BASIC-1.0CUR/ILS2_RF_BASIC/verification/test/test_instructions/ALL_TI.test/EQSIM_to_EQSIM_E.test/EQSIM_to_EQSIM_E.test/0003_0060_0001_0002.exp
/media/sf_X_DRIVE/projects/test_slate/basic/eqv/ipu1/ILS2_RF_BASIC-1.0CUR/ILS2_RF_BASIC/verification/test/test_instructions/ALL_TI.test/EQSIM_to_EQSIM_E.test/EQSIM_to_EQSIM_E.test/0003_0060_0001_0003.exp
/media/sf_X_DRIVE/projects/test_slate/basic/eqv/ipu1/ILS2_RF_BASIC-1.0CUR/ILS2_RF_BASIC/verification/test/test_instructions/ALL_TI.test/EQSIM_to_EQSIM_E.test/EQSIM_to_EQSIM_E.test/0003_0060_0001_0004.exp
/media/sf_X_DRIVE/projects/test_slate/basic/eqv/ipu1/ILS2_RF_BASIC-1.0CUR/ILS2_RF_BASIC/verification/test/test_instructions/ALL_TI.test/EQSIM_to_EQSIM_E.test/EQSIM_to_EQSIM_E.test/0004_0003_0017_0002.exp
/media/sf_X_DRIVE/projects/test_slate/basic/eqv/ipu1/ILS2_RF_BASIC-1.0CUR/ILS2_RF_BASIC/verification/test/test_instructions/ALL_TI.test/EQSIM_to_EQSIM_E.test/EQSIM_to_EQSIM_E.test/0004_0003_0018_0002.exp
/media/sf_X_DRIVE/projects/test_slate/basic/eqv/ipu1/ILS2_RF_BASIC-1.0CUR/ILS2_RF_BASIC/verification/test/test_instructions/ALL_TI.test/EQSIM_to_EQSIM_E.test/EQSIM_to_EQSIM_E.test/0004_0003_0019_0002.exp
/media/sf_X_DRIVE/projects/test_slate/basic/eqv/ipu1/ILS2_RF_BASIC-1.0CUR/ILS2_RF_BASIC/verification/test/test_instructions/ALL_TI.test/EQSIM_to_EQSIM_E.test/EQSIM_to_EQSIM_E.test/0004_0003_0020_0002.exp
/media/sf_X_DRIVE/projects/test_slate/basic/eqv/ipu1/ILS2_RF_BASIC-1.0CUR/ILS2_RF_BASIC/verification/test/test_instructions/ALL_TI.test/EQSIM_to_EQSIM_E.test/EQSIM_to_EQSIM_E.test/0004_0008_0009_0002.exp
/media/sf_X_DRIVE/projects/test_slate/basic/eqv/ipu1/ILS2_RF_BASIC-1.0CUR/ILS2_RF_BASIC/verification/test/test_instructions/ALL_TI.test/EQSIM_to_EQSIM_E.test/EQSIM_to_EQSIM_E.test/0004_0008_0010_0002.exp
/media/sf_X_DRIVE/projects/test_slate/basic/eqv/ipu1/ILS2_RF_BASIC-1.0CUR/ILS2_RF_BASIC/verification/test/test_instructions/ALL_TI.test/EQSIM_to_EQSIM_E.test/EQSIM_to_EQSIM_E.test/0004_0029_0013_0001.exp
/media/sf_X_DRIVE/projects/test_slate/basic/eqv/ipu1/ILS2_RF_BASIC-1.0CUR/ILS2_RF_BASIC/verification/test/test_instructions/ALL_TI.test/EQSIM_to_EQSIM_E.test/EQSIM_to_EQSIM_E.test/0004_0047_0001_0001.exp
/media/sf_X_DRIVE/projects/test_slate/basic/eqv/ipu1/ILS2_RF_BASIC-1.0CUR/ILS2_RF_BASIC/verification/test/test_instructions/ALL_TI.test/EQSIM_to_EQSIM_E.test/EQSIM_to_EQSIM_E.test/0004_0047_0001_0002.exp
/media/sf_X_DRIVE/projects/test_slate/basic/eqv/ipu1/ILS2_RF_BASIC-1.0CUR/ILS2_RF_BASIC/verification/test/test_instructions/ALL_TI.test/EQSIM_to_EQSIM_E.test/EQSIM_to_EQSIM_E.test/0004_0047_0001_0003.exp
/media/sf_X_DRIVE/projects/test_slate/basic/eqv/ipu1/ILS2_RF_BASIC-1.0CUR/ILS2_RF_BASIC/verification/test/test_instructions/ALL_TI.test/EQSIM_to_EQSIM_E.test/EQSIM_to_EQSIM_E.test/0005_0029_0010_0001.exp
/media/sf_X_DRIVE/projects/test_slate/basic/eqv/ipu1/ILS2_RF_BASIC-1.0CUR/ILS2_RF_BASIC/verification/test/test_instructions/ALL_TI.test/EQSIM_to_EQSIM_E.test/EQSIM_to_EQSIM_E.test/0005_0029_0012_0001.exp
/media/sf_X_DRIVE/projects/test_slate/basic/eqv/ipu1/ILS2_RF_BASIC-1.0CUR/ILS2_RF_BASIC/verification/test/test_instructions/ALL_TI.test/EQSIM_to_EQSIM_E.test/EQSIM_to_EQSIM_E.test/0005_0029_0016_0001.exp
/media/sf_X_DRIVE/projects/test_slate/basic/eqv/ipu1/ILS2_RF_BASIC-1.0CUR/ILS2_RF_BASIC/verification/test/test_instructions/ALL_TI.test/EQSIM_to_EQSIM_E.test/EQSIM_to_EQSIM_E.test/0005_0030_0008_0001.exp
/media/sf_X_DRIVE/projects/test_slate/basic/eqv/ipu1/ILS2_RF_BASIC-1.0CUR/ILS2_RF_BASIC/verification/test/test_instructions/ALL_TI.test/EQSIM_to_EQSIM_E.test/EQSIM_to_EQSIM_E.test/0005_0030_0010_0001.exp
/media/sf_X_DRIVE/projects/test_slate/basic/eqv/ipu1/ILS2_RF_BASIC-1.0CUR/ILS2_RF_BASIC/verification/test/test_instructions/ALL_TI.test/EQSIM_to_EQSIM_E.test/EQSIM_to_EQSIM_E.test/0005_0030_0014_0001.exp
/media/sf_X_DRIVE/projects/test_slate/basic/eqv/ipu1/ILS2_RF_BASIC-1.0CUR/ILS2_RF_BASIC/verification/test/test_instructions/ALL_TI.test/EQSIM_to_EQSIM_E.test/EQSIM_to_EQSIM_E.test/0005_0031_0001_0001.exp
/media/sf_X_DRIVE/projects/test_slate/basic/eqv/ipu1/ILS2_RF_BASIC-1.0CUR/ILS2_RF_BASIC/verification/test/test_instructions/ALL_TI.test/EQSIM_to_EQSIM_E.test/EQSIM_to_EQSIM_E.test/0005_0038_0002_0001.exp
/media/sf_X_DRIVE/projects/test_slate/basic/eqv/ipu1/ILS2_RF_BASIC-1.0CUR/ILS2_RF_BASIC/verification/test/test_instructions/ALL_TI.test/EQSIM_to_EQSIM_E.test/EQSIM_to_EQSIM_E.test/0005_0039_0002_0001.exp
/media/sf_X_DRIVE/projects/test_slate/basic/eqv/ipu1/ILS2_RF_BASIC-1.0CUR/ILS2_RF_BASIC/verification/test/test_instructions/ALL_TI.test/EQSIM_to_EQSIM_E.test/EQSIM_to_EQSIM_E.test/0005_0040_0002_0001.exp
/media/sf_X_DRIVE/projects/test_slate/basic/eqv/ipu1/ILS2_RF_BASIC-1.0CUR/ILS2_RF_BASIC/verification/test/test_instructions/ALL_TI.test/EQSIM_to_EQSIM_E.test/EQSIM_to_EQSIM_E.test/0005_0040_0003_0001.exp
/media/sf_X_DRIVE/projects/test_slate/basic/eqv/ipu1/ILS2_RF_BASIC-1.0CUR/ILS2_RF_BASIC/verification/test/test_instructions/ALL_TI.test/EQSIM_to_EQSIM_E.test/EQSIM_to_EQSIM_E.test/0006_0006_0013_0001.exp
/media/sf_X_DRIVE/projects/test_slate/basic/eqv/ipu1/ILS2_RF_BASIC-1.0CUR/ILS2_RF_BASIC/verification/test/test_instructions/ALL_TI.test/EQSIM_to_EQSIM_E.test/EQSIM_to_EQSIM_E.test/0006_0006_0014_0001.exp
/media/sf_X_DRIVE/projects/test_slate/basic/eqv/ipu1/ILS2_RF_BASIC-1.0CUR/ILS2_RF_BASIC/verification/test/test_instructions/ALL_TI.test/EQSIM_to_EQSIM_E.test/EQSIM_to_EQSIM_E.test/0006_0006_0015_0001.exp
/media/sf_X_DRIVE/projects/test_slate/basic/eqv/ipu1/ILS2_RF_BASIC-1.0CUR/ILS2_RF_BASIC/verification/test/test_instructions/ALL_TI.test/EQSIM_to_EQSIM_E.test/EQSIM_to_EQSIM_E.test/0006_0006_0016_0001.exp
/media/sf_X_DRIVE/projects/test_slate/basic/eqv/ipu1/ILS2_RF_BASIC-1.0CUR/ILS2_RF_BASIC/verification/test/test_instructions/ALL_TI.test/EQSIM_to_EQSIM_E.test/EQSIM_to_EQSIM_E.test/0009_0005_0005_0001.exp
/media/sf_X_DRIVE/projects/test_slate/basic/eqv/ipu1/ILS2_RF_BASIC-1.0CUR/ILS2_RF_BASIC/verification/test/test_instructions/ALL_TI.test/EQSIM_to_EQSIM_E.test/EQSIM_to_EQSIM_E.test/0009_0005_0005_0003.exp
/media/sf_X_DRIVE/projects/test_slate/basic/eqv/ipu1/ILS2_RF_BASIC-1.0CUR/ILS2_RF_BASIC/verification/test/test_instructions/ALL_TI.test/EQSIM_to_EQSIM_E.test/EQSIM_to_EQSIM_E.test/0009_0005_0006_0001.exp
/media/sf_X_DRIVE/projects/test_slate/basic/eqv/ipu1/ILS2_RF_BASIC-1.0CUR/ILS2_RF_BASIC/verification/test/test_instructions/ALL_TI.test/EQSIM_to_EQSIM_E.test/EQSIM_to_EQSIM_E.test/0009_0005_0006_0003.exp
/media/sf_X_DRIVE/projects/test_slate/basic/eqv/ipu1/ILS2_RF_BASIC-1.0CUR/ILS2_RF_BASIC/verification/test/test_instructions/ALL_TI.test/EQSIM_to_EQSIM_E.test/EQSIM_to_EQSIM_E.test/0009_0005_0007_0001.exp
/media/sf_X_DRIVE/projects/test_slate/basic/eqv/ipu1/ILS2_RF_BASIC-1.0CUR/ILS2_RF_BASIC/verification/test/test_instructions/ALL_TI.test/EQSIM_to_EQSIM_E.test/EQSIM_to_EQSIM_E.test/0009_0005_0007_0003.exp
/media/sf_X_DRIVE/projects/test_slate/basic/eqv/ipu1/ILS2_RF_BASIC-1.0CUR/ILS2_RF_BASIC/verification/test/test_instructions/ALL_TI.test/EQSIM_to_EQSIM_E.test/EQSIM_to_EQSIM_E.test/0009_0005_0008_0001.exp
/media/sf_X_DRIVE/projects/test_slate/basic/eqv/ipu1/ILS2_RF_BASIC-1.0CUR/ILS2_RF_BASIC/verification/test/test_instructions/ALL_TI.test/EQSIM_to_EQSIM_E.test/EQSIM_to_EQSIM_E.test/0009_0005_0008_0003.exp
/media/sf_X_DRIVE/projects/test_slate/basic/eqv/ipu1/ILS2_RF_BASIC-1.0CUR/ILS2_RF_BASIC/verification/test/test_instructions/ALL_TI.test/EQSIM_to_EQSIM_E.test/EQSIM_to_EQSIM_E.test/0009_0005_0009_0001.exp
/media/sf_X_DRIVE/projects/test_slate/basic/eqv/ipu1/ILS2_RF_BASIC-1.0CUR/ILS2_RF_BASIC/verification/test/test_instructions/ALL_TI.test/EQSIM_to_EQSIM_E.test/EQSIM_to_EQSIM_E.test/0009_0005_0009_0003.exp
/media/sf_X_DRIVE/projects/test_slate/basic/eqv/ipu1/ILS2_RF_BASIC-1.0CUR/ILS2_RF_BASIC/verification/test/test_instructions/ALL_TI.test/EQSIM_to_EQSIM_E.test/EQSIM_to_EQSIM_E.test/0009_0005_0010_0001.exp
/media/sf_X_DRIVE/projects/test_slate/basic/eqv/ipu1/ILS2_RF_BASIC-1.0CUR/ILS2_RF_BASIC/verification/test/test_instructions/ALL_TI.test/EQSIM_to_EQSIM_E.test/EQSIM_to_EQSIM_E.test/0009_0005_0010_0003.exp
/media/sf_X_DRIVE/projects/test_slate/basic/eqv/ipu1/ILS2_RF_BASIC-1.0CUR/ILS2_RF_BASIC/verification/test/test_instructions/ALL_TI.test/EQSIM_to_EQSIM_E.test/EQSIM_to_EQSIM_E.test/0009_0023_0004_0001.exp
/media/sf_X_DRIVE/projects/test_slate/basic/eqv/ipu1/ILS2_RF_BASIC-1.0CUR/ILS2_RF_BASIC/verification/test/test_instructions/ALL_TI.test/EQSIM_to_EQSIM_E.test/EQSIM_to_EQSIM_E.test/0009_0023_0004_0002.exp
/media/sf_X_DRIVE/projects/test_slate/basic/eqv/ipu1/ILS2_RF_BASIC-1.0CUR/ILS2_RF_BASIC/verification/test/test_instructions/ALL_TI.test/EQSIM_to_EQSIM_E.test/EQSIM_to_EQSIM_E.test/0009_0025_0005_0001.exp
/media/sf_X_DRIVE/projects/test_slate/basic/eqv/ipu1/ILS2_RF_BASIC-1.0CUR/ILS2_RF_BASIC/verification/test/test_instructions/ALL_TI.test/EQSIM_to_EQSIM_E.test/EQSIM_to_EQSIM_E.test/0009_0025_0005_0003.exp
/media/sf_X_DRIVE/projects/test_slate/basic/eqv/ipu1/ILS2_RF_BASIC-1.0CUR/ILS2_RF_BASIC/verification/test/test_instructions/ALL_TI.test/EQSIM_to_EQSIM_E.test/EQSIM_to_EQSIM_E.test/0009_0025_0006_0001.exp
/media/sf_X_DRIVE/projects/test_slate/basic/eqv/ipu1/ILS2_RF_BASIC-1.0CUR/ILS2_RF_BASIC/verification/test/test_instructions/ALL_TI.test/EQSIM_to_EQSIM_E.test/EQSIM_to_EQSIM_E.test/0009_0025_0006_0003.exp
/media/sf_X_DRIVE/projects/test_slate/basic/eqv/ipu1/ILS2_RF_BASIC-1.0CUR/ILS2_RF_BASIC/verification/test/test_instructions/ALL_TI.test/EQSIM_to_EQSIM_E.test/EQSIM_to_EQSIM_E.test/0009_0027_0005_0001.exp
/media/sf_X_DRIVE/projects/test_slate/basic/eqv/ipu1/ILS2_RF_BASIC-1.0CUR/ILS2_RF_BASIC/verification/test/test_instructions/ALL_TI.test/EQSIM_to_EQSIM_E.test/EQSIM_to_EQSIM_E.test/0009_0027_0005_0003.exp
/media/sf_X_DRIVE/projects/test_slate/basic/eqv/ipu1/ILS2_RF_BASIC-1.0CUR/ILS2_RF_BASIC/verification/test/test_instructions/ALL_TI.test/EQSIM_to_EQSIM_E.test/EQSIM_to_EQSIM_E.test/0009_0027_0006_0001.exp
/media/sf_X_DRIVE/projects/test_slate/basic/eqv/ipu1/ILS2_RF_BASIC-1.0CUR/ILS2_RF_BASIC/verification/test/test_instructions/ALL_TI.test/EQSIM_to_EQSIM_E.test/EQSIM_to_EQSIM_E.test/0009_0027_0006_0003.exp
/media/sf_X_DRIVE/projects/test_slate/basic/eqv/ipu1/ILS2_RF_BASIC-1.0CUR/ILS2_RF_BASIC/verification/test/test_instructions/ALL_TI.test/EQSIM_to_EQSIM_E.test/EQSIM_to_EQSIM_E.test/0009_0027_0007_0001.exp
/media/sf_X_DRIVE/projects/test_slate/basic/eqv/ipu1/ILS2_RF_BASIC-1.0CUR/ILS2_RF_BASIC/verification/test/test_instructions/ALL_TI.test/EQSIM_to_EQSIM_E.test/EQSIM_to_EQSIM_E.test/0009_0027_0007_0003.exp
/media/sf_X_DRIVE/projects/test_slate/basic/eqv/ipu1/ILS2_RF_BASIC-1.0CUR/ILS2_RF_BASIC/verification/test/test_instructions/ALL_TI.test/EQSIM_to_EQSIM_E.test/EQSIM_to_EQSIM_E.test/0009_0027_0008_0001.exp
/media/sf_X_DRIVE/projects/test_slate/basic/eqv/ipu1/ILS2_RF_BASIC-1.0CUR/ILS2_RF_BASIC/verification/test/test_instructions/ALL_TI.test/EQSIM_to_EQSIM_E.test/EQSIM_to_EQSIM_E.test/0009_0027_0008_0003.exp
/media/sf_X_DRIVE/projects/test_slate/basic/eqv/ipu1/ILS2_RF_BASIC-1.0CUR/ILS2_RF_BASIC/verification/test/test_instructions/ALL_TI.test/EQSIM_to_EQSIM_E.test/EQSIM_to_EQSIM_E.test/0009_0027_0009_0001.exp
/media/sf_X_DRIVE/projects/test_slate/basic/eqv/ipu1/ILS2_RF_BASIC-1.0CUR/ILS2_RF_BASIC/verification/test/test_instructions/ALL_TI.test/EQSIM_to_EQSIM_E.test/EQSIM_to_EQSIM_E.test/0009_0027_0009_0003.exp
/media/sf_X_DRIVE/projects/test_slate/basic/eqv/ipu1/ILS2_RF_BASIC-1.0CUR/ILS2_RF_BASIC/verification/test/test_instructions/ALL_TI.test/EQSIM_to_EQSIM_E.test/EQSIM_to_EQSIM_E.test/0009_0027_0010_0001.exp
/media/sf_X_DRIVE/projects/test_slate/basic/eqv/ipu1/ILS2_RF_BASIC-1.0CUR/ILS2_RF_BASIC/verification/test/test_instructions/ALL_TI.test/EQSIM_to_EQSIM_E.test/EQSIM_to_EQSIM_E.test/0009_0027_0010_0003.exp
/media/sf_X_DRIVE/projects/test_slate/basic/eqv/ipu1/ILS2_RF_BASIC-1.0CUR/ILS2_RF_BASIC/verification/test/test_instructions/ALL_TI.test/EQSIM_to_EQSIM_E.test/EQSIM_to_EQSIM_E.test/0009_0041_0008_0001.exp
/media/sf_X_DRIVE/projects/test_slate/basic/eqv/ipu1/ILS2_RF_BASIC-1.0CUR/ILS2_RF_BASIC/verification/test/test_instructions/ALL_TI.test/EQSIM_to_EQSIM_E.test/EQSIM_to_EQSIM_E.test/0018_0001_0002_0001.exp
/media/sf_X_DRIVE/projects/test_slate/basic/eqv/ipu1/ILS2_RF_BASIC-1.0CUR/ILS2_RF_BASIC/verification/test/test_instructions/ALL_TI.test/EQSIM_to_EQSIM_E.test/EQSIM_to_EQSIM_E.test/0018_0001_0006_0001.exp
/media/sf_X_DRIVE/projects/test_slate/basic/eqv/ipu1/ILS2_RF_BASIC-1.0CUR/ILS2_RF_BASIC/verification/test/test_instructions/ALL_TI.test/EQSIM_to_EQSIM_E.test/EQSIM_to_EQSIM_E.test/0018_0001_0013_0001.exp
/media/sf_X_DRIVE/projects/test_slate/basic/eqv/ipu1/ILS2_RF_BASIC-1.0CUR/ILS2_RF_BASIC/verification/test/test_instructions/ALL_TI.test/EQSIM_to_EQSIM_E.test/EQSIM_to_EQSIM_E.test/0018_0001_0015_0001.exp
/media/sf_X_DRIVE/projects/test_slate/basic/eqv/ipu1/ILS2_RF_BASIC-1.0CUR/ILS2_RF_BASIC/verification/test/test_instructions/ALL_TI.test/EQSIM_to_EQSIM_E.test/EQSIM_to_EQSIM_E.test/0018_0002_0002_0001.exp
/media/sf_X_DRIVE/projects/test_slate/basic/eqv/ipu1/ILS2_RF_BASIC-1.0CUR/ILS2_RF_BASIC/verification/test/test_instructions/ALL_TI.test/EQSIM_to_EQSIM_E.test/EQSIM_to_EQSIM_E.test/0018_0002_0006_0001.exp
/media/sf_X_DRIVE/projects/test_slate/basic/eqv/ipu1/ILS2_RF_BASIC-1.0CUR/ILS2_RF_BASIC/verification/test/test_instructions/ALL_TI.test/EQSIM_to_EQSIM_E.test/EQSIM_to_EQSIM_E.test/0018_0002_0006_0002.exp
/media/sf_X_DRIVE/projects/test_slate/basic/eqv/ipu1/ILS2_RF_BASIC-1.0CUR/ILS2_RF_BASIC/verification/test/test_instructions/ALL_TI.test/EQSIM_to_EQSIM_E.test/EQSIM_to_EQSIM_E.test/0018_0002_0008_0001.exp
/media/sf_X_DRIVE/projects/test_slate/basic/eqv/ipu1/ILS2_RF_BASIC-1.0CUR/ILS2_RF_BASIC/verification/test/test_instructions/ALL_TI.test/EQSIM_to_EQSIM_E.test/EQSIM_to_EQSIM_E.test/0018_0002_0013_0001.exp
/media/sf_X_DRIVE/projects/test_slate/basic/eqv/ipu1/ILS2_RF_BASIC-1.0CUR/ILS2_RF_BASIC/verification/test/test_instructions/ALL_TI.test/EQSIM_to_EQSIM_E.test/EQSIM_to_EQSIM_E.test/0018_0002_0015_0001.exp
/media/sf_X_DRIVE/projects/test_slate/basic/eqv/ipu1/ILS2_RF_BASIC-1.0CUR/ILS2_RF_BASIC/verification/test/test_instructions/ALL_TI.test/EQSIM_to_EQSIM_E.test/EQSIM_to_EQSIM_E.test/0018_0002_0020_0001.exp
/media/sf_X_DRIVE/projects/test_slate/basic/eqv/ipu1/ILS2_RF_BASIC-1.0CUR/ILS2_RF_BASIC/verification/test/test_instructions/ALL_TI.test/EQSIM_to_EQSIM_E.test/EQSIM_to_EQSIM_E.test/0018_0002_0021_0001.exp
/media/sf_X_DRIVE/projects/test_slate/basic/eqv/ipu1/ILS2_RF_BASIC-1.0CUR/ILS2_RF_BASIC/verification/test/test_instructions/ALL_TI.test/EQSIM_to_EQSIM_E.test/EQSIM_to_EQSIM_E.test/0018_0003_0006_0001.exp
/media/sf_X_DRIVE/projects/test_slate/basic/eqv/ipu1/ILS2_RF_BASIC-1.0CUR/ILS2_RF_BASIC/verification/test/test_instructions/ALL_TI.test/EQSIM_to_EQSIM_E.test/EQSIM_to_EQSIM_E.test/0018_0003_0013_0001.exp
/media/sf_X_DRIVE/projects/test_slate/basic/eqv/ipu1/ILS2_RF_BASIC-1.0CUR/ILS2_RF_BASIC/verification/test/test_instructions/ALL_TI.test/EQSIM_to_EQSIM_E.test/EQSIM_to_EQSIM_E.test/0018_0003_0015_0001.exp
/media/sf_X_DRIVE/projects/test_slate/basic/eqv/ipu1/ILS2_RF_BASIC-1.0CUR/ILS2_RF_BASIC/verification/test/test_instructions/ALL_TI.test/EQSIM_to_EQSIM_E.test/EQSIM_to_EQSIM_E.test/0018_0003_0021_0001.exp
/media/sf_X_DRIVE/projects/test_slate/basic/eqv/ipu1/ILS2_RF_BASIC-1.0CUR/ILS2_RF_BASIC/verification/test/test_instructions/ALL_TI.test/EQSIM_to_EQSIM_E.test/EQSIM_to_EQSIM_E.test/0018_0004_0006_0001.exp
/media/sf_X_DRIVE/projects/test_slate/basic/eqv/ipu1/ILS2_RF_BASIC-1.0CUR/ILS2_RF_BASIC/verification/test/test_instructions/ALL_TI.test/EQSIM_to_EQSIM_E.test/EQSIM_to_EQSIM_E.test/0018_0004_0006_0002.exp
/media/sf_X_DRIVE/projects/test_slate/basic/eqv/ipu1/ILS2_RF_BASIC-1.0CUR/ILS2_RF_BASIC/verification/test/test_instructions/ALL_TI.test/EQSIM_to_EQSIM_E.test/EQSIM_to_EQSIM_E.test/0018_0004_0008_0001.exp
/media/sf_X_DRIVE/projects/test_slate/basic/eqv/ipu1/ILS2_RF_BASIC-1.0CUR/ILS2_RF_BASIC/verification/test/test_instructions/ALL_TI.test/EQSIM_to_EQSIM_E.test/EQSIM_to_EQSIM_E.test/0018_0004_0008_0002.exp
/media/sf_X_DRIVE/projects/test_slate/basic/eqv/ipu1/ILS2_RF_BASIC-1.0CUR/ILS2_RF_BASIC/verification/test/test_instructions/ALL_TI.test/EQSIM_to_EQSIM_E.test/EQSIM_to_EQSIM_E.test/0018_0004_0013_0001.exp
/media/sf_X_DRIVE/projects/test_slate/basic/eqv/ipu1/ILS2_RF_BASIC-1.0CUR/ILS2_RF_BASIC/verification/test/test_instructions/ALL_TI.test/EQSIM_to_EQSIM_E.test/EQSIM_to_EQSIM_E.test/0018_0004_0015_0001.exp
/media/sf_X_DRIVE/projects/test_slate/basic/eqv/ipu1/ILS2_RF_BASIC-1.0CUR/ILS2_RF_BASIC/verification/test/test_instructions/ALL_TI.test/EQSIM_to_EQSIM_E.test/EQSIM_to_EQSIM_E.test/0018_0004_0015_0002.exp
/media/sf_X_DRIVE/projects/test_slate/basic/eqv/ipu1/ILS2_RF_BASIC-1.0CUR/ILS2_RF_BASIC/verification/test/test_instructions/ALL_TI.test/EQSIM_to_EQSIM_E.test/EQSIM_to_EQSIM_E.test/0018_0004_0020_0002.exp
/media/sf_X_DRIVE/projects/test_slate/basic/eqv/ipu1/ILS2_RF_BASIC-1.0CUR/ILS2_RF_BASIC/verification/test/test_instructions/ALL_TI.test/EQSIM_to_EQSIM_E.test/EQSIM_to_EQSIM_E.test/0018_0004_0021_0002.exp
/media/sf_X_DRIVE/projects/test_slate/basic/eqv/ipu1/ILS2_RF_BASIC-1.0CUR/ILS2_RF_BASIC/verification/test/test_instructions/ALL_TI.test/EQSIM_to_EQSIM_E.test/EQSIM_to_EQSIM_E.test/0018_0005_0002_0001.exp
/media/sf_X_DRIVE/projects/test_slate/basic/eqv/ipu1/ILS2_RF_BASIC-1.0CUR/ILS2_RF_BASIC/verification/test/test_instructions/ALL_TI.test/EQSIM_to_EQSIM_E.test/EQSIM_to_EQSIM_E.test/0018_0005_0006_0001.exp
/media/sf_X_DRIVE/projects/test_slate/basic/eqv/ipu1/ILS2_RF_BASIC-1.0CUR/ILS2_RF_BASIC/verification/test/test_instructions/ALL_TI.test/EQSIM_to_EQSIM_E.test/EQSIM_to_EQSIM_E.test/0018_0005_0006_0002.exp
/media/sf_X_DRIVE/projects/test_slate/basic/eqv/ipu1/ILS2_RF_BASIC-1.0CUR/ILS2_RF_BASIC/verification/test/test_instructions/ALL_TI.test/EQSIM_to_EQSIM_E.test/EQSIM_to_EQSIM_E.test/0018_0005_0008_0001.exp
/media/sf_X_DRIVE/projects/test_slate/basic/eqv/ipu1/ILS2_RF_BASIC-1.0CUR/ILS2_RF_BASIC/verification/test/test_instructions/ALL_TI.test/EQSIM_to_EQSIM_E.test/EQSIM_to_EQSIM_E.test/0018_0005_0013_0001.exp
/media/sf_X_DRIVE/projects/test_slate/basic/eqv/ipu1/ILS2_RF_BASIC-1.0CUR/ILS2_RF_BASIC/verification/test/test_instructions/ALL_TI.test/EQSIM_to_EQSIM_E.test/EQSIM_to_EQSIM_E.test/0018_0005_0013_0002.exp
/media/sf_X_DRIVE/projects/test_slate/basic/eqv/ipu1/ILS2_RF_BASIC-1.0CUR/ILS2_RF_BASIC/verification/test/test_instructions/ALL_TI.test/EQSIM_to_EQSIM_E.test/EQSIM_to_EQSIM_E.test/0018_0005_0015_0001.exp
/media/sf_X_DRIVE/projects/test_slate/basic/eqv/ipu1/ILS2_RF_BASIC-1.0CUR/ILS2_RF_BASIC/verification/test/test_instructions/ALL_TI.test/EQSIM_to_EQSIM_E.test/EQSIM_to_EQSIM_E.test/0018_0005_0015_0002.exp
/media/sf_X_DRIVE/projects/test_slate/basic/eqv/ipu1/ILS2_RF_BASIC-1.0CUR/ILS2_RF_BASIC/verification/test/test_instructions/ALL_TI.test/EQSIM_to_EQSIM_E.test/EQSIM_to_EQSIM_E.test/0018_0005_0020_0002.exp
/media/sf_X_DRIVE/projects/test_slate/basic/eqv/ipu1/ILS2_RF_BASIC-1.0CUR/ILS2_RF_BASIC/verification/test/test_instructions/ALL_TI.test/EQSIM_to_EQSIM_E.test/EQSIM_to_EQSIM_E.test/0018_0005_0020_0003.exp
/media/sf_X_DRIVE/projects/test_slate/basic/eqv/ipu1/ILS2_RF_BASIC-1.0CUR/ILS2_RF_BASIC/verification/test/test_instructions/ALL_TI.test/EQSIM_to_EQSIM_E.test/EQSIM_to_EQSIM_E.test/0018_0006_0001_0001.exp
/media/sf_X_DRIVE/projects/test_slate/basic/eqv/ipu1/ILS2_RF_BASIC-1.0CUR/ILS2_RF_BASIC/verification/test/test_instructions/ALL_TI.test/EQSIM_to_EQSIM_E.test/EQSIM_to_EQSIM_E.test/0018_0006_0002_0001.exp
/media/sf_X_DRIVE/projects/test_slate/basic/eqv/ipu1/ILS2_RF_BASIC-1.0CUR/ILS2_RF_BASIC/verification/test/test_instructions/ALL_TI.test/EQSIM_to_EQSIM_E.test/EQSIM_to_EQSIM_E.test/0018_0006_0002_0002.exp
/media/sf_X_DRIVE/projects/test_slate/basic/eqv/ipu1/ILS2_RF_BASIC-1.0CUR/ILS2_RF_BASIC/verification/test/test_instructions/ALL_TI.test/EQSIM_to_EQSIM_E.test/EQSIM_to_EQSIM_E.test/0018_0006_0006_0001.exp
/media/sf_X_DRIVE/projects/test_slate/basic/eqv/ipu1/ILS2_RF_BASIC-1.0CUR/ILS2_RF_BASIC/verification/test/test_instructions/ALL_TI.test/EQSIM_to_EQSIM_E.test/EQSIM_to_EQSIM_E.test/0018_0006_0006_0002.exp
/media/sf_X_DRIVE/projects/test_slate/basic/eqv/ipu1/ILS2_RF_BASIC-1.0CUR/ILS2_RF_BASIC/verification/test/test_instructions/ALL_TI.test/EQSIM_to_EQSIM_E.test/EQSIM_to_EQSIM_E.test/0018_0006_0008_0001.exp
/media/sf_X_DRIVE/projects/test_slate/basic/eqv/ipu1/ILS2_RF_BASIC-1.0CUR/ILS2_RF_BASIC/verification/test/test_instructions/ALL_TI.test/EQSIM_to_EQSIM_E.test/EQSIM_to_EQSIM_E.test/0018_0006_0010_0001.exp
/media/sf_X_DRIVE/projects/test_slate/basic/eqv/ipu1/ILS2_RF_BASIC-1.0CUR/ILS2_RF_BASIC/verification/test/test_instructions/ALL_TI.test/EQSIM_to_EQSIM_E.test/EQSIM_to_EQSIM_E.test/0018_0006_0013_0001.exp
/media/sf_X_DRIVE/projects/test_slate/basic/eqv/ipu1/ILS2_RF_BASIC-1.0CUR/ILS2_RF_BASIC/verification/test/test_instructions/ALL_TI.test/EQSIM_to_EQSIM_E.test/EQSIM_to_EQSIM_E.test/0018_0006_0015_0001.exp
/media/sf_X_DRIVE/projects/test_slate/basic/eqv/ipu1/ILS2_RF_BASIC-1.0CUR/ILS2_RF_BASIC/verification/test/test_instructions/ALL_TI.test/EQSIM_to_EQSIM_E.test/EQSIM_to_EQSIM_E.test/0018_0006_0015_0002.exp
/media/sf_X_DRIVE/projects/test_slate/basic/eqv/ipu1/ILS2_RF_BASIC-1.0CUR/ILS2_RF_BASIC/verification/test/test_instructions/ALL_TI.test/EQSIM_to_EQSIM_E.test/EQSIM_to_EQSIM_E.test/0018_0006_0020_0002.exp
/media/sf_X_DRIVE/projects/test_slate/basic/eqv/ipu1/ILS2_RF_BASIC-1.0CUR/ILS2_RF_BASIC/verification/test/test_instructions/ALL_TI.test/EQSIM_to_EQSIM_E.test/EQSIM_to_EQSIM_E.test/0018_0006_0020_0003.exp
/media/sf_X_DRIVE/projects/test_slate/basic/eqv/ipu1/ILS2_RF_BASIC-1.0CUR/ILS2_RF_BASIC/verification/test/test_instructions/ALL_TI.test/EQSIM_to_EQSIM_E.test/EQSIM_to_EQSIM_E.test/0019_0001_0005_0001.exp
/media/sf_X_DRIVE/projects/test_slate/basic/eqv/ipu1/ILS2_RF_BASIC-1.0CUR/ILS2_RF_BASIC/verification/test/test_instructions/ALL_TI.test/EQSIM_to_EQSIM_E.test/EQSIM_to_EQSIM_E.test/0019_0001_0005_0002.exp
/media/sf_X_DRIVE/projects/test_slate/basic/eqv/ipu1/ILS2_RF_BASIC-1.0CUR/ILS2_RF_BASIC/verification/test/test_instructions/ALL_TI.test/EQSIM_to_EQSIM_E.test/EQSIM_to_EQSIM_E.test/0019_0001_0007_0001.exp
/media/sf_X_DRIVE/projects/test_slate/basic/eqv/ipu1/ILS2_RF_BASIC-1.0CUR/ILS2_RF_BASIC/verification/test/test_instructions/ALL_TI.test/EQSIM_to_EQSIM_E.test/EQSIM_to_EQSIM_E.test/0019_0001_0007_0002.exp
/media/sf_X_DRIVE/projects/test_slate/basic/eqv/ipu1/ILS2_RF_BASIC-1.0CUR/ILS2_RF_BASIC/verification/test/test_instructions/ALL_TI.test/EQSIM_to_EQSIM_E.test/EQSIM_to_EQSIM_E.test/0019_0001_0011_0001.exp
/media/sf_X_DRIVE/projects/test_slate/basic/eqv/ipu1/ILS2_RF_BASIC-1.0CUR/ILS2_RF_BASIC/verification/test/test_instructions/ALL_TI.test/EQSIM_to_EQSIM_E.test/EQSIM_to_EQSIM_E.test/0019_0001_0011_0002.exp
/media/sf_X_DRIVE/projects/test_slate/basic/eqv/ipu1/ILS2_RF_BASIC-1.0CUR/ILS2_RF_BASIC/verification/test/test_instructions/ALL_TI.test/EQSIM_to_EQSIM_E.test/EQSIM_to_EQSIM_E.test/0019_0002_0001_0001.exp
/media/sf_X_DRIVE/projects/test_slate/basic/eqv/ipu1/ILS2_RF_BASIC-1.0CUR/ILS2_RF_BASIC/verification/test/test_instructions/ALL_TI.test/EQSIM_to_EQSIM_E.test/EQSIM_to_EQSIM_E.test/0019_0002_0001_0002.exp
/media/sf_X_DRIVE/projects/test_slate/basic/eqv/ipu1/ILS2_RF_BASIC-1.0CUR/ILS2_RF_BASIC/verification/test/test_instructions/ALL_TI.test/EQSIM_to_EQSIM_E.test/EQSIM_to_EQSIM_E.test/0019_0002_0002_0001.exp
/media/sf_X_DRIVE/projects/test_slate/basic/eqv/ipu1/ILS2_RF_BASIC-1.0CUR/ILS2_RF_BASIC/verification/test/test_instructions/ALL_TI.test/EQSIM_to_EQSIM_E.test/EQSIM_to_EQSIM_E.test/0019_0002_0002_0002.exp
/media/sf_X_DRIVE/projects/test_slate/basic/eqv/ipu1/ILS2_RF_BASIC-1.0CUR/ILS2_RF_BASIC/verification/test/test_instructions/ALL_TI.test/EQSIM_to_EQSIM_E.test/EQSIM_to_EQSIM_E.test/0019_0005_0001_0002.exp
/media/sf_X_DRIVE/projects/test_slate/basic/eqv/ipu1/ILS2_RF_BASIC-1.0CUR/ILS2_RF_BASIC/verification/test/test_instructions/ALL_TI.test/EQSIM_to_EQSIM_E.test/EQSIM_to_EQSIM_E.test/0019_0005_0002_0002.exp
/media/sf_X_DRIVE/projects/test_slate/basic/eqv/ipu1/ILS2_RF_BASIC-1.0CUR/ILS2_RF_BASIC/verification/test/test_instructions/ALL_TI.test/EQSIM_to_EQSIM_E.test/EQSIM_to_EQSIM_E.test/0019_0005_0003_0002.exp
/media/sf_X_DRIVE/projects/test_slate/basic/eqv/ipu1/ILS2_RF_BASIC-1.0CUR/ILS2_RF_BASIC/verification/test/test_instructions/ALL_TI.test/EQSIM_to_EQSIM_E.test/EQSIM_to_EQSIM_E.test/0019_0006_0001_0002.exp
/media/sf_X_DRIVE/projects/test_slate/basic/eqv/ipu1/ILS2_RF_BASIC-1.0CUR/ILS2_RF_BASIC/verification/test/test_instructions/ALL_TI.test/EQSIM_to_EQSIM_E.test/EQSIM_to_EQSIM_E.test/0019_0006_0002_0002.exp
/media/sf_X_DRIVE/projects/test_slate/basic/eqv/ipu1/ILS2_RF_BASIC-1.0CUR/ILS2_RF_BASIC/verification/test/test_instructions/ALL_TI.test/EQSIM_to_EQSIM_E.test/EQSIM_to_EQSIM_E.test/0019_0006_0003_0002.exp
/media/sf_X_DRIVE/projects/test_slate/basic/eqv/ipu1/ILS2_RF_BASIC-1.0CUR/ILS2_RF_BASIC/verification/test/test_instructions/ALL_TI.test/EQSIM_to_EQSIM_E.test/EQSIM_to_EQSIM_E.test/0019_0006_0004_0002.exp
/media/sf_X_DRIVE/projects/test_slate/basic/eqv/ipu1/ILS2_RF_BASIC-1.0CUR/ILS2_RF_BASIC/verification/test/test_instructions/ALL_TI.test/EQSIM_to_EQSIM_E.test/EQSIM_to_EQSIM_E.test/0019_0013_0001_0003.exp
/media/sf_X_DRIVE/projects/test_slate/basic/eqv/ipu1/ILS2_RF_BASIC-1.0CUR/ILS2_RF_BASIC/verification/test/test_instructions/ALL_TI.test/EQSIM_to_EQSIM_E.test/EQSIM_to_EQSIM_E.test/0019_0013_0003_0002.exp
/media/sf_X_DRIVE/projects/test_slate/basic/eqv/ipu1/ILS2_RF_BASIC-1.0CUR/ILS2_RF_BASIC/verification/test/test_instructions/ALL_TI.test/EQSIM_to_EQSIM_E.test/EQSIM_to_EQSIM_E.test/0019_0013_0004_0002.exp
/media/sf_X_DRIVE/projects/test_slate/basic/eqv/ipu1/ILS2_RF_BASIC-1.0CUR/ILS2_RF_BASIC/verification/test/test_instructions/ALL_TI.test/EQSIM_to_EQSIM_E.test/EQSIM_to_EQSIM_E.test/0019_0013_0005_0002.exp
/media/sf_X_DRIVE/projects/test_slate/basic/eqv/ipu1/ILS2_RF_BASIC-1.0CUR/ILS2_RF_BASIC/verification/test/test_instructions/ALL_TI.test/EQSIM_to_EQSIM_E.test/EQSIM_to_EQSIM_E.test/0019_0013_0006_0002.exp
/media/sf_X_DRIVE/projects/test_slate/basic/eqv/ipu1/ILS2_RF_BASIC-1.0CUR/ILS2_RF_BASIC/verification/test/test_instructions/ALL_TI.test/EQSIM_to_EQSIM_E.test/EQSIM_to_EQSIM_E.test/0019_0013_0007_0002.exp
/media/sf_X_DRIVE/projects/test_slate/basic/eqv/ipu1/ILS2_RF_BASIC-1.0CUR/ILS2_RF_BASIC/verification/test/test_instructions/ALL_TI.test/EQSIM_to_EQSIM_E.test/EQSIM_to_EQSIM_E.test/0019_0013_0008_0002.exp
/media/sf_X_DRIVE/projects/test_slate/basic/eqv/ipu1/ILS2_RF_BASIC-1.0CUR/ILS2_RF_BASIC/verification/test/test_instructions/ALL_TI.test/EQSIM_to_EQSIM_E.test/EQSIM_to_EQSIM_E.test/0019_0013_0009_0002.exp
/media/sf_X_DRIVE/projects/test_slate/basic/eqv/ipu1/ILS2_RF_BASIC-1.0CUR/ILS2_RF_BASIC/verification/test/test_instructions/ALL_TI.test/EQSIM_to_EQSIM_E.test/EQSIM_to_EQSIM_E.test/0019_0013_0011_0001.exp
/media/sf_X_DRIVE/projects/test_slate/basic/eqv/ipu1/ILS2_RF_BASIC-1.0CUR/ILS2_RF_BASIC/verification/test/test_instructions/ALL_TI.test/EQSIM_to_EQSIM_E.test/EQSIM_to_EQSIM_E.test/0019_0013_0013_0002.exp
/media/sf_X_DRIVE/projects/test_slate/basic/eqv/ipu1/ILS2_RF_BASIC-1.0CUR/ILS2_RF_BASIC/verification/test/test_instructions/ALL_TI.test/EQSIM_to_EQSIM_E.test/EQSIM_to_EQSIM_E.test/0019_0013_0014_0001.exp
/media/sf_X_DRIVE/projects/test_slate/basic/eqv/ipu1/ILS2_RF_BASIC-1.0CUR/ILS2_RF_BASIC/verification/test/test_instructions/ALL_TI.test/EQSIM_to_EQSIM_E.test/EQSIM_to_EQSIM_E.test/0019_0013_0015_0002.exp
/media/sf_X_DRIVE/projects/test_slate/basic/eqv/ipu1/ILS2_RF_BASIC-1.0CUR/ILS2_RF_BASIC/verification/test/test_instructions/ALL_TI.test/EQSIM_to_EQSIM_E.test/EQSIM_to_EQSIM_E.test/0019_0013_0016_0001.exp
/media/sf_X_DRIVE/projects/test_slate/basic/eqv/ipu1/ILS2_RF_BASIC-1.0CUR/ILS2_RF_BASIC/verification/test/test_instructions/ALL_TI.test/EQSIM_to_EQSIM_E.test/EQSIM_to_EQSIM_E.test/0019_0013_0017_0002.exp
/media/sf_X_DRIVE/projects/test_slate/basic/eqv/ipu1/ILS2_RF_BASIC-1.0CUR/ILS2_RF_BASIC/verification/test/test_instructions/ALL_TI.test/EQSIM_to_EQSIM_E.test/EQSIM_to_EQSIM_E.test/0019_0013_0018_0001.exp
/media/sf_X_DRIVE/projects/test_slate/basic/eqv/ipu1/ILS2_RF_BASIC-1.0CUR/ILS2_RF_BASIC/verification/test/test_instructions/ALL_TI.test/EQSIM_to_EQSIM_E.test/EQSIM_to_EQSIM_E.test/0019_0013_0019_0002.exp
/media/sf_X_DRIVE/projects/test_slate/basic/eqv/ipu1/ILS2_RF_BASIC-1.0CUR/ILS2_RF_BASIC/verification/test/test_instructions/ALL_TI.test/EQSIM_to_EQSIM_E.test/EQSIM_to_EQSIM_E.test/0019_0013_0020_0001.exp
/media/sf_X_DRIVE/projects/test_slate/basic/eqv/ipu1/ILS2_RF_BASIC-1.0CUR/ILS2_RF_BASIC/verification/test/test_instructions/ALL_TI.test/EQSIM_to_EQSIM_E.test/EQSIM_to_EQSIM_E.test/0019_0013_0021_0001.exp
/media/sf_X_DRIVE/projects/test_slate/basic/eqv/ipu1/ILS2_RF_BASIC-1.0CUR/ILS2_RF_BASIC/verification/test/test_instructions/ALL_TI.test/EQSIM_to_EQSIM_E.test/EQSIM_to_EQSIM_E.test/0025_0001_0003_0001.exp
/media/sf_X_DRIVE/projects/test_slate/basic/eqv/ipu1/ILS2_RF_BASIC-1.0CUR/ILS2_RF_BASIC/verification/test/test_instructions/ALL_TI.test/EQSIM_to_EQSIM_E.test/EQSIM_to_EQSIM_E.test/0025_0001_0004_0001.exp
/media/sf_X_DRIVE/projects/test_slate/basic/eqv/ipu1/ILS2_RF_BASIC-1.0CUR/ILS2_RF_BASIC/verification/test/test_instructions/ALL_TI.test/EQSIM_to_EQSIM_E.test/EQSIM_to_EQSIM_E.test/0025_0001_0005_0001.exp
/media/sf_X_DRIVE/projects/test_slate/basic/eqv/ipu1/ILS2_RF_BASIC-1.0CUR/ILS2_RF_BASIC/verification/test/test_instructions/ALL_TI.test/EQSIM_to_EQSIM_E.test/EQSIM_to_EQSIM_E.test/0025_0001_0006_0001.exp
/media/sf_X_DRIVE/projects/test_slate/basic/eqv/ipu1/ILS2_RF_BASIC-1.0CUR/ILS2_RF_BASIC/verification/test/test_instructions/ALL_TI.test/EQSIM_to_EQSIM_E.test/EQSIM_to_EQSIM_E.test/0025_0002_0003_0001.exp
/media/sf_X_DRIVE/projects/test_slate/basic/eqv/ipu1/ILS2_RF_BASIC-1.0CUR/ILS2_RF_BASIC/verification/test/test_instructions/ALL_TI.test/EQSIM_to_EQSIM_E.test/EQSIM_to_EQSIM_E.test/0025_0002_0004_0001.exp
/media/sf_X_DRIVE/projects/test_slate/basic/eqv/ipu1/ILS2_RF_BASIC-1.0CUR/ILS2_RF_BASIC/verification/test/test_instructions/ALL_TI.test/EQSIM_to_EQSIM_E.test/EQSIM_to_EQSIM_E.test/0025_0002_0005_0001.exp
/media/sf_X_DRIVE/projects/test_slate/basic/eqv/ipu1/ILS2_RF_BASIC-1.0CUR/ILS2_RF_BASIC/verification/test/test_instructions/ALL_TI.test/EQSIM_to_EQSIM_E.test/EQSIM_to_EQSIM_E.test/0025_0002_0006_0001.exp
/media/sf_X_DRIVE/projects/test_slate/basic/eqv/ipu1/ILS2_RF_BASIC-1.0CUR/ILS2_RF_BASIC/verification/test/test_instructions/ALL_TI.test/EQSIM_to_EQSIM_E.test/EQSIM_to_EQSIM_E.test/0025_0003_0003_0001.exp
/media/sf_X_DRIVE/projects/test_slate/basic/eqv/ipu1/ILS2_RF_BASIC-1.0CUR/ILS2_RF_BASIC/verification/test/test_instructions/ALL_TI.test/EQSIM_to_EQSIM_E.test/EQSIM_to_EQSIM_E.test/0025_0003_0004_0001.exp
/media/sf_X_DRIVE/projects/test_slate/basic/eqv/ipu1/ILS2_RF_BASIC-1.0CUR/ILS2_RF_BASIC/verification/test/test_instructions/ALL_TI.test/EQSIM_to_EQSIM_E.test/EQSIM_to_EQSIM_E.test/0025_0003_0005_0001.exp
/media/sf_X_DRIVE/projects/test_slate/basic/eqv/ipu1/ILS2_RF_BASIC-1.0CUR/ILS2_RF_BASIC/verification/test/test_instructions/ALL_TI.test/EQSIM_to_EQSIM_E.test/EQSIM_to_EQSIM_E.test/0025_0003_0006_0001.exp
/media/sf_X_DRIVE/projects/test_slate/basic/eqv/ipu1/ILS2_RF_BASIC-1.0CUR/ILS2_RF_BASIC/verification/test/test_instructions/ALL_TI.test/EQSIM_to_EQSIM_E.test/EQSIM_to_EQSIM_E.test/0025_0004_0003_0001.exp
/media/sf_X_DRIVE/projects/test_slate/basic/eqv/ipu1/ILS2_RF_BASIC-1.0CUR/ILS2_RF_BASIC/verification/test/test_instructions/ALL_TI.test/EQSIM_to_EQSIM_E.test/EQSIM_to_EQSIM_E.test/0025_0004_0004_0001.exp
/media/sf_X_DRIVE/projects/test_slate/basic/eqv/ipu1/ILS2_RF_BASIC-1.0CUR/ILS2_RF_BASIC/verification/test/test_instructions/ALL_TI.test/EQSIM_to_EQSIM_E.test/EQSIM_to_EQSIM_E.test/0025_0004_0005_0001.exp
/media/sf_X_DRIVE/projects/test_slate/basic/eqv/ipu1/ILS2_RF_BASIC-1.0CUR/ILS2_RF_BASIC/verification/test/test_instructions/ALL_TI.test/EQSIM_to_EQSIM_E.test/EQSIM_to_EQSIM_E.test/0025_0004_0006_0001.exp
/media/sf_X_DRIVE/projects/test_slate/basic/eqv/ipu1/ILS2_RF_BASIC-1.0CUR/ILS2_RF_BASIC/verification/test/test_instructions/ALL_TI.test/EQSIM_to_EQSIM_E.test/EQSIM_to_EQSIM_E.test/0025_0012_0009_0001.exp
/media/sf_X_DRIVE/projects/test_slate/basic/eqv/ipu1/ILS2_RF_BASIC-1.0CUR/ILS2_RF_BASIC/verification/test/test_instructions/ALL_TI.test/EQSIM_to_EQSIM_E.test/EQSIM_to_EQSIM_E.test/0025_0012_0009_0002.exp
/media/sf_X_DRIVE/projects/test_slate/basic/eqv/ipu1/ILS2_RF_BASIC-1.0CUR/ILS2_RF_BASIC/verification/test/test_instructions/ALL_TI.test/EQSIM_to_EQSIM_E.test/EQSIM_to_EQSIM_E.test/0025_0012_0010_0001.exp
/media/sf_X_DRIVE/projects/test_slate/basic/eqv/ipu1/ILS2_RF_BASIC-1.0CUR/ILS2_RF_BASIC/verification/test/test_instructions/ALL_TI.test/EQSIM_to_EQSIM_E.test/EQSIM_to_EQSIM_E.test/0025_0012_0010_0002.exp
/media/sf_X_DRIVE/projects/test_slate/basic/eqv/ipu1/ILS2_RF_BASIC-1.0CUR/ILS2_RF_BASIC/verification/test/test_instructions/ALL_TI.test/EQSIM_to_EQSIM_E.test/EQSIM_to_EQSIM_E.test/0025_0012_0011_0001.exp
/media/sf_X_DRIVE/projects/test_slate/basic/eqv/ipu1/ILS2_RF_BASIC-1.0CUR/ILS2_RF_BASIC/verification/test/test_instructions/ALL_TI.test/EQSIM_to_EQSIM_E.test/EQSIM_to_EQSIM_E.test/0025_0012_0011_0002.exp
/media/sf_X_DRIVE/projects/test_slate/basic/eqv/ipu1/ILS2_RF_BASIC-1.0CUR/ILS2_RF_BASIC/verification/test/test_instructions/ALL_TI.test/EQSIM_to_EQSIM_E.test/EQSIM_to_EQSIM_E.test/0025_0012_0012_0001.exp
/media/sf_X_DRIVE/projects/test_slate/basic/eqv/ipu1/ILS2_RF_BASIC-1.0CUR/ILS2_RF_BASIC/verification/test/test_instructions/ALL_TI.test/EQSIM_to_EQSIM_E.test/EQSIM_to_EQSIM_E.test/0025_0012_0012_0002.exp
/media/sf_X_DRIVE/projects/test_slate/basic/eqv/ipu1/ILS2_RF_BASIC-1.0CUR/ILS2_RF_BASIC/verification/test/test_instructions/ALL_TI.test/EQSIM_to_EQSIM_E.test/EQSIM_to_EQSIM_E.test/0025_0014_0005_0001.exp
/media/sf_X_DRIVE/projects/test_slate/basic/eqv/ipu1/ILS2_RF_BASIC-1.0CUR/ILS2_RF_BASIC/verification/test/test_instructions/ALL_TI.test/EQSIM_to_EQSIM_E.test/EQSIM_to_EQSIM_E.test/0025_0014_0005_0002.exp
/media/sf_X_DRIVE/projects/test_slate/basic/eqv/ipu1/ILS2_RF_BASIC-1.0CUR/ILS2_RF_BASIC/verification/test/test_instructions/ALL_TI.test/EQSIM_to_EQSIM_E.test/EQSIM_to_EQSIM_E.test/0025_0014_0006_0001.exp
/media/sf_X_DRIVE/projects/test_slate/basic/eqv/ipu1/ILS2_RF_BASIC-1.0CUR/ILS2_RF_BASIC/verification/test/test_instructions/ALL_TI.test/EQSIM_to_EQSIM_E.test/EQSIM_to_EQSIM_E.test/0025_0014_0006_0002.exp
/media/sf_X_DRIVE/projects/test_slate/basic/eqv/ipu1/ILS2_RF_BASIC-1.0CUR/ILS2_RF_BASIC/verification/test/test_instructions/ALL_TI.test/EQSIM_to_EQSIM_E.test/EQSIM_to_EQSIM_E.test/0025_0017_0010_0001.exp
/media/sf_X_DRIVE/projects/test_slate/basic/eqv/ipu1/ILS2_RF_BASIC-1.0CUR/ILS2_RF_BASIC/verification/test/test_instructions/ALL_TI.test/EQSIM_to_EQSIM_E.test/EQSIM_to_EQSIM_E.test/0025_0017_0012_0001.exp
/media/sf_X_DRIVE/projects/test_slate/basic/eqv/ipu1/ILS2_RF_BASIC-1.0CUR/ILS2_RF_BASIC/verification/test/test_instructions/ALL_TI.test/EQSIM_to_EQSIM_E.test/EQSIM_to_EQSIM_E.test/0025_0017_0014_0001.exp
/media/sf_X_DRIVE/projects/test_slate/basic/eqv/ipu1/ILS2_RF_BASIC-1.0CUR/ILS2_RF_BASIC/verification/test/test_instructions/ALL_TI.test/EQSIM_to_EQSIM_E.test/EQSIM_to_EQSIM_E.test/0025_0021_0003_0001.exp
/media/sf_X_DRIVE/projects/test_slate/basic/eqv/ipu1/ILS2_RF_BASIC-1.0CUR/ILS2_RF_BASIC/verification/test/test_instructions/ALL_TI.test/EQSIM_to_EQSIM_E.test/EQSIM_to_EQSIM_E.test/0025_0021_0004_0001.exp
/media/sf_X_DRIVE/projects/test_slate/basic/eqv/ipu1/ILS2_RF_BASIC-1.0CUR/ILS2_RF_BASIC/verification/test/test_instructions/ALL_TI.test/EQSIM_to_EQSIM_E.test/EQSIM_to_EQSIM_E.test/0025_0022_0003_0001.exp
/media/sf_X_DRIVE/projects/test_slate/basic/eqv/ipu1/ILS2_RF_BASIC-1.0CUR/ILS2_RF_BASIC/verification/test/test_instructions/ALL_TI.test/EQSIM_to_EQSIM_E.test/EQSIM_to_EQSIM_E.test/0025_0022_0004_0001.exp
/media/sf_X_DRIVE/projects/test_slate/basic/eqv/ipu1/ILS2_RF_BASIC-1.0CUR/ILS2_RF_BASIC/verification/test/test_instructions/ALL_TI.test/EQSIM_to_EQSIM_E.test/EQSIM_to_EQSIM_E.test/0025_0023_0003_0001.exp
/media/sf_X_DRIVE/projects/test_slate/basic/eqv/ipu1/ILS2_RF_BASIC-1.0CUR/ILS2_RF_BASIC/verification/test/test_instructions/ALL_TI.test/EQSIM_to_EQSIM_E.test/EQSIM_to_EQSIM_E.test/0025_0023_0004_0001.exp
/media/sf_X_DRIVE/projects/test_slate/basic/eqv/ipu1/ILS2_RF_BASIC-1.0CUR/ILS2_RF_BASIC/verification/test/test_instructions/ALL_TI.test/EQSIM_to_EQSIM_E.test/EQSIM_to_EQSIM_E.test/0025_0023_0005_0001.exp
/media/sf_X_DRIVE/projects/test_slate/basic/eqv/ipu1/ILS2_RF_BASIC-1.0CUR/ILS2_RF_BASIC/verification/test/test_instructions/ALL_TI.test/EQSIM_to_EQSIM_E.test/EQSIM_to_EQSIM_E.test/0025_0023_0006_0001.exp
/media/sf_X_DRIVE/projects/test_slate/basic/eqv/ipu1/ILS2_RF_BASIC-1.0CUR/ILS2_RF_BASIC/verification/test/test_instructions/ALL_TI.test/EQSIM_to_EQSIM_E.test/EQSIM_to_EQSIM_E.test/0025_0024_0003_0001.exp
/media/sf_X_DRIVE/projects/test_slate/basic/eqv/ipu1/ILS2_RF_BASIC-1.0CUR/ILS2_RF_BASIC/verification/test/test_instructions/ALL_TI.test/EQSIM_to_EQSIM_E.test/EQSIM_to_EQSIM_E.test/0025_0024_0004_0001.exp
/media/sf_X_DRIVE/projects/test_slate/basic/eqv/ipu1/ILS2_RF_BASIC-1.0CUR/ILS2_RF_BASIC/verification/test/test_instructions/ALL_TI.test/EQSIM_to_EQSIM_E.test/EQSIM_to_EQSIM_E.test/0025_0024_0005_0001.exp
/media/sf_X_DRIVE/projects/test_slate/basic/eqv/ipu1/ILS2_RF_BASIC-1.0CUR/ILS2_RF_BASIC/verification/test/test_instructions/ALL_TI.test/EQSIM_to_EQSIM_E.test/EQSIM_to_EQSIM_E.test/0025_0024_0006_0001.exp
/media/sf_X_DRIVE/projects/test_slate/basic/eqv/ipu1/ILS2_RF_BASIC-1.0CUR/ILS2_RF_BASIC/verification/test/test_instructions/ALL_TI.test/EQSIM_to_EQSIM_E.test/EQSIM_to_EQSIM_E.test/0025_0039_0009_0001.exp
/media/sf_X_DRIVE/projects/test_slate/basic/eqv/ipu1/ILS2_RF_BASIC-1.0CUR/ILS2_RF_BASIC/verification/test/test_instructions/ALL_TI.test/EQSIM_to_EQSIM_E.test/EQSIM_to_EQSIM_E.test/0025_0039_0009_0002.exp
/media/sf_X_DRIVE/projects/test_slate/basic/eqv/ipu1/ILS2_RF_BASIC-1.0CUR/ILS2_RF_BASIC/verification/test/test_instructions/ALL_TI.test/EQSIM_to_EQSIM_E.test/EQSIM_to_EQSIM_E.test/0025_0039_0010_0001.exp
/media/sf_X_DRIVE/projects/test_slate/basic/eqv/ipu1/ILS2_RF_BASIC-1.0CUR/ILS2_RF_BASIC/verification/test/test_instructions/ALL_TI.test/EQSIM_to_EQSIM_E.test/EQSIM_to_EQSIM_E.test/0025_0039_0010_0002.exp
/media/sf_X_DRIVE/projects/test_slate/basic/eqv/ipu1/ILS2_RF_BASIC-1.0CUR/ILS2_RF_BASIC/verification/test/test_instructions/ALL_TI.test/EQSIM_to_EQSIM_E.test/EQSIM_to_EQSIM_E.test/0025_0039_0011_0001.exp
/media/sf_X_DRIVE/projects/test_slate/basic/eqv/ipu1/ILS2_RF_BASIC-1.0CUR/ILS2_RF_BASIC/verification/test/test_instructions/ALL_TI.test/EQSIM_to_EQSIM_E.test/EQSIM_to_EQSIM_E.test/0025_0039_0011_0002.exp
/media/sf_X_DRIVE/projects/test_slate/basic/eqv/ipu1/ILS2_RF_BASIC-1.0CUR/ILS2_RF_BASIC/verification/test/test_instructions/ALL_TI.test/EQSIM_to_EQSIM_E.test/EQSIM_to_EQSIM_E.test/0025_0039_0012_0001.exp
/media/sf_X_DRIVE/projects/test_slate/basic/eqv/ipu1/ILS2_RF_BASIC-1.0CUR/ILS2_RF_BASIC/verification/test/test_instructions/ALL_TI.test/EQSIM_to_EQSIM_E.test/EQSIM_to_EQSIM_E.test/0025_0039_0012_0002.exp
/media/sf_X_DRIVE/projects/test_slate/basic/eqv/ipu1/ILS2_RF_BASIC-1.0CUR/ILS2_RF_BASIC/verification/test/test_instructions/ALL_TI.test/EQSIM_to_EQSIM_E.test/EQSIM_to_EQSIM_E.test/0025_0041_0005_0001.exp
/media/sf_X_DRIVE/projects/test_slate/basic/eqv/ipu1/ILS2_RF_BASIC-1.0CUR/ILS2_RF_BASIC/verification/test/test_instructions/ALL_TI.test/EQSIM_to_EQSIM_E.test/EQSIM_to_EQSIM_E.test/0025_0041_0005_0002.exp
/media/sf_X_DRIVE/projects/test_slate/basic/eqv/ipu1/ILS2_RF_BASIC-1.0CUR/ILS2_RF_BASIC/verification/test/test_instructions/ALL_TI.test/EQSIM_to_EQSIM_E.test/EQSIM_to_EQSIM_E.test/0025_0041_0006_0001.exp
/media/sf_X_DRIVE/projects/test_slate/basic/eqv/ipu1/ILS2_RF_BASIC-1.0CUR/ILS2_RF_BASIC/verification/test/test_instructions/ALL_TI.test/EQSIM_to_EQSIM_E.test/EQSIM_to_EQSIM_E.test/0025_0041_0006_0002.exp
/media/sf_X_DRIVE/projects/test_slate/basic/eqv/ipu1/ILS2_RF_BASIC-1.0CUR/ILS2_RF_BASIC/verification/test/test_instructions/ALL_TI.test/EQSIM_to_EQSIM_E.test/EQSIM_to_EQSIM_E.test/0025_0049_0001_0001.exp
/media/sf_X_DRIVE/projects/test_slate/basic/eqv/ipu1/ILS2_RF_BASIC-1.0CUR/ILS2_RF_BASIC/verification/test/test_instructions/ALL_TI.test/EQSIM_to_EQSIM_E.test/EQSIM_to_EQSIM_E.test/0029_0007_0003_0001.exp
/media/sf_X_DRIVE/projects/test_slate/basic/eqv/ipu1/ILS2_RF_BASIC-1.0CUR/ILS2_RF_BASIC/verification/test/test_instructions/ALL_TI.test/EQSIM_to_EQSIM_E.test/EQSIM_to_EQSIM_E.test/0029_0007_0005_0001.exp
/media/sf_X_DRIVE/projects/test_slate/basic/eqv/ipu1/ILS2_RF_BASIC-1.0CUR/ILS2_RF_BASIC/verification/test/test_instructions/ALL_TI.test/EQSIM_to_EQSIM_E.test/EQSIM_to_EQSIM_E.test/0029_0007_0007_0001.exp
/media/sf_X_DRIVE/projects/test_slate/basic/eqv/ipu1/ILS2_RF_BASIC-1.0CUR/ILS2_RF_BASIC/verification/test/test_instructions/ALL_TI.test/EQSIM_to_EQSIM_E.test/EQSIM_to_EQSIM_E.test/0032_0001_0001_0001.exp
/media/sf_X_DRIVE/projects/test_slate/basic/eqv/ipu1/ILS2_RF_BASIC-1.0CUR/ILS2_RF_BASIC/verification/test/test_instructions/ALL_TI.test/EQSIM_to_EQSIM_E.test/EQSIM_to_EQSIM_E.test/0032_0001_0001_0002.exp
/media/sf_X_DRIVE/projects/test_slate/basic/eqv/ipu1/ILS2_RF_BASIC-1.0CUR/ILS2_RF_BASIC/verification/test/test_instructions/ALL_TI.test/EQSIM_to_EQSIM_E.test/EQSIM_to_EQSIM_E.test/0032_0001_0002_0001.exp
/media/sf_X_DRIVE/projects/test_slate/basic/eqv/ipu1/ILS2_RF_BASIC-1.0CUR/ILS2_RF_BASIC/verification/test/test_instructions/ALL_TI.test/EQSIM_to_EQSIM_E.test/EQSIM_to_EQSIM_E.test/0032_0001_0002_0002.exp
/media/sf_X_DRIVE/projects/test_slate/basic/eqv/ipu1/ILS2_RF_BASIC-1.0CUR/ILS2_RF_BASIC/verification/test/test_instructions/ALL_TI.test/EQSIM_to_EQSIM_E.test/EQSIM_to_EQSIM_E.test/0032_0001_0003_0001.exp
/media/sf_X_DRIVE/projects/test_slate/basic/eqv/ipu1/ILS2_RF_BASIC-1.0CUR/ILS2_RF_BASIC/verification/test/test_instructions/ALL_TI.test/EQSIM_to_EQSIM_E.test/EQSIM_to_EQSIM_E.test/0032_0001_0003_0002.exp
/media/sf_X_DRIVE/projects/test_slate/basic/eqv/ipu1/ILS2_RF_BASIC-1.0CUR/ILS2_RF_BASIC/verification/test/test_instructions/ALL_TI.test/EQSIM_to_EQSIM_E.test/EQSIM_to_EQSIM_E.test/0032_0001_0004_0001.exp
/media/sf_X_DRIVE/projects/test_slate/basic/eqv/ipu1/ILS2_RF_BASIC-1.0CUR/ILS2_RF_BASIC/verification/test/test_instructions/ALL_TI.test/EQSIM_to_EQSIM_E.test/EQSIM_to_EQSIM_E.test/0032_0001_0004_0002.exp
/media/sf_X_DRIVE/projects/test_slate/basic/eqv/ipu1/ILS2_RF_BASIC-1.0CUR/ILS2_RF_BASIC/verification/test/test_instructions/ALL_TI.test/EQSIM_to_EQSIM_E.test/EQSIM_to_EQSIM_E.test/0032_0002_0001_0001.exp
/media/sf_X_DRIVE/projects/test_slate/basic/eqv/ipu1/ILS2_RF_BASIC-1.0CUR/ILS2_RF_BASIC/verification/test/test_instructions/ALL_TI.test/EQSIM_to_EQSIM_E.test/EQSIM_to_EQSIM_E.test/0032_0002_0001_0002.exp
/media/sf_X_DRIVE/projects/test_slate/basic/eqv/ipu1/ILS2_RF_BASIC-1.0CUR/ILS2_RF_BASIC/verification/test/test_instructions/ALL_TI.test/EQSIM_to_EQSIM_E.test/EQSIM_to_EQSIM_E.test/0032_0002_0002_0001.exp
/media/sf_X_DRIVE/projects/test_slate/basic/eqv/ipu1/ILS2_RF_BASIC-1.0CUR/ILS2_RF_BASIC/verification/test/test_instructions/ALL_TI.test/EQSIM_to_EQSIM_E.test/EQSIM_to_EQSIM_E.test/0032_0002_0002_0002.exp
/media/sf_X_DRIVE/projects/test_slate/basic/eqv/ipu1/ILS2_RF_BASIC-1.0CUR/ILS2_RF_BASIC/verification/test/test_instructions/ALL_TI.test/EQSIM_to_EQSIM_E.test/EQSIM_to_EQSIM_E.test/0032_0002_0003_0001.exp
/media/sf_X_DRIVE/projects/test_slate/basic/eqv/ipu1/ILS2_RF_BASIC-1.0CUR/ILS2_RF_BASIC/verification/test/test_instructions/ALL_TI.test/EQSIM_to_EQSIM_E.test/EQSIM_to_EQSIM_E.test/0032_0002_0003_0002.exp
/media/sf_X_DRIVE/projects/test_slate/basic/eqv/ipu1/ILS2_RF_BASIC-1.0CUR/ILS2_RF_BASIC/verification/test/test_instructions/ALL_TI.test/EQSIM_to_EQSIM_E.test/EQSIM_to_EQSIM_E.test/0032_0002_0004_0001.exp
/media/sf_X_DRIVE/projects/test_slate/basic/eqv/ipu1/ILS2_RF_BASIC-1.0CUR/ILS2_RF_BASIC/verification/test/test_instructions/ALL_TI.test/EQSIM_to_EQSIM_E.test/EQSIM_to_EQSIM_E.test/0032_0002_0004_0002.exp
/media/sf_X_DRIVE/projects/test_slate/basic/eqv/ipu1/ILS2_RF_BASIC-1.0CUR/ILS2_RF_BASIC/verification/test/test_instructions/ALL_TI.test/EQSIM_to_EQSIM_E.test/EQSIM_to_EQSIM_E.test/0032_0002_0005_0001.exp
/media/sf_X_DRIVE/projects/test_slate/basic/eqv/ipu1/ILS2_RF_BASIC-1.0CUR/ILS2_RF_BASIC/verification/test/test_instructions/ALL_TI.test/EQSIM_to_EQSIM_E.test/EQSIM_to_EQSIM_E.test/0032_0002_0005_0002.exp
/media/sf_X_DRIVE/projects/test_slate/basic/eqv/ipu1/ILS2_RF_BASIC-1.0CUR/ILS2_RF_BASIC/verification/test/test_instructions/ALL_TI.test/EQSIM_to_EQSIM_E.test/EQSIM_to_EQSIM_E.test/0032_0002_0006_0001.exp
/media/sf_X_DRIVE/projects/test_slate/basic/eqv/ipu1/ILS2_RF_BASIC-1.0CUR/ILS2_RF_BASIC/verification/test/test_instructions/ALL_TI.test/EQSIM_to_EQSIM_E.test/EQSIM_to_EQSIM_E.test/0032_0003_0001_0001.exp
/media/sf_X_DRIVE/projects/test_slate/basic/eqv/ipu1/ILS2_RF_BASIC-1.0CUR/ILS2_RF_BASIC/verification/test/test_instructions/ALL_TI.test/EQSIM_to_EQSIM_E.test/EQSIM_to_EQSIM_E.test/0032_0003_0001_0002.exp
/media/sf_X_DRIVE/projects/test_slate/basic/eqv/ipu1/ILS2_RF_BASIC-1.0CUR/ILS2_RF_BASIC/verification/test/test_instructions/ALL_TI.test/EQSIM_to_EQSIM_E.test/EQSIM_to_EQSIM_E.test/0032_0003_0001_0003.exp
/media/sf_X_DRIVE/projects/test_slate/basic/eqv/ipu1/ILS2_RF_BASIC-1.0CUR/ILS2_RF_BASIC/verification/test/test_instructions/ALL_TI.test/EQSIM_to_EQSIM_E.test/EQSIM_to_EQSIM_E.test/0032_0003_0002_0001.exp
/media/sf_X_DRIVE/projects/test_slate/basic/eqv/ipu1/ILS2_RF_BASIC-1.0CUR/ILS2_RF_BASIC/verification/test/test_instructions/ALL_TI.test/EQSIM_to_EQSIM_E.test/EQSIM_to_EQSIM_E.test/0032_0003_0002_0002.exp
/media/sf_X_DRIVE/projects/test_slate/basic/eqv/ipu1/ILS2_RF_BASIC-1.0CUR/ILS2_RF_BASIC/verification/test/test_instructions/ALL_TI.test/EQSIM_to_EQSIM_E.test/EQSIM_to_EQSIM_E.test/0032_0003_0002_0003.exp
/media/sf_X_DRIVE/projects/test_slate/basic/eqv/ipu1/ILS2_RF_BASIC-1.0CUR/ILS2_RF_BASIC/verification/test/test_instructions/ALL_TI.test/EQSIM_to_EQSIM_E.test/EQSIM_to_EQSIM_E.test/0032_0004_0001_0001.exp
/media/sf_X_DRIVE/projects/test_slate/basic/eqv/ipu1/ILS2_RF_BASIC-1.0CUR/ILS2_RF_BASIC/verification/test/test_instructions/ALL_TI.test/EQSIM_to_EQSIM_E.test/EQSIM_to_EQSIM_E.test/0032_0004_0002_0001.exp
/media/sf_X_DRIVE/projects/test_slate/basic/eqv/ipu1/ILS2_RF_BASIC-1.0CUR/ILS2_RF_BASIC/verification/test/test_instructions/ALL_TI.test/EQSIM_to_EQSIM_E.test/EQSIM_to_EQSIM_E.test/0032_0004_0002_0002.exp
/media/sf_X_DRIVE/projects/test_slate/basic/eqv/ipu1/ILS2_RF_BASIC-1.0CUR/ILS2_RF_BASIC/verification/test/test_instructions/ALL_TI.test/EQSIM_to_EQSIM_E.test/EQSIM_to_EQSIM_E.test/0032_0004_0002_0003.exp
/media/sf_X_DRIVE/projects/test_slate/basic/eqv/ipu1/ILS2_RF_BASIC-1.0CUR/ILS2_RF_BASIC/verification/test/test_instructions/ALL_TI.test/EQSIM_to_EQSIM_E.test/EQSIM_to_EQSIM_E.test/0032_0005_0001_0001.exp
/media/sf_X_DRIVE/projects/test_slate/basic/eqv/ipu1/ILS2_RF_BASIC-1.0CUR/ILS2_RF_BASIC/verification/test/test_instructions/ALL_TI.test/EQSIM_to_EQSIM_E.test/EQSIM_to_EQSIM_E.test/0032_0005_0001_0002.exp
/media/sf_X_DRIVE/projects/test_slate/basic/eqv/ipu1/ILS2_RF_BASIC-1.0CUR/ILS2_RF_BASIC/verification/test/test_instructions/ALL_TI.test/EQSIM_to_EQSIM_E.test/EQSIM_to_EQSIM_E.test/0032_0005_0001_0003.exp
/media/sf_X_DRIVE/projects/test_slate/basic/eqv/ipu1/ILS2_RF_BASIC-1.0CUR/ILS2_RF_BASIC/verification/test/test_instructions/ALL_TI.test/EQSIM_to_EQSIM_E.test/EQSIM_to_EQSIM_E.test/0032_0005_0002_0001.exp
/media/sf_X_DRIVE/projects/test_slate/basic/eqv/ipu1/ILS2_RF_BASIC-1.0CUR/ILS2_RF_BASIC/verification/test/test_instructions/ALL_TI.test/EQSIM_to_EQSIM_E.test/EQSIM_to_EQSIM_E.test/0032_0005_0002_0002.exp
/media/sf_X_DRIVE/projects/test_slate/basic/eqv/ipu1/ILS2_RF_BASIC-1.0CUR/ILS2_RF_BASIC/verification/test/test_instructions/ALL_TI.test/EQSIM_to_EQSIM_E.test/EQSIM_to_EQSIM_E.test/0032_0005_0002_0003.exp
/media/sf_X_DRIVE/projects/test_slate/basic/eqv/ipu1/ILS2_RF_BASIC-1.0CUR/ILS2_RF_BASIC/verification/test/test_instructions/ALL_TI.test/EQSIM_to_EQSIM_E.test/EQSIM_to_EQSIM_E.test/0032_0006_0001_0001.exp
/media/sf_X_DRIVE/projects/test_slate/basic/eqv/ipu1/ILS2_RF_BASIC-1.0CUR/ILS2_RF_BASIC/verification/test/test_instructions/ALL_TI.test/EQSIM_to_EQSIM_E.test/EQSIM_to_EQSIM_E.test/0032_0006_0001_0002.exp
/media/sf_X_DRIVE/projects/test_slate/basic/eqv/ipu1/ILS2_RF_BASIC-1.0CUR/ILS2_RF_BASIC/verification/test/test_instructions/ALL_TI.test/EQSIM_to_EQSIM_E.test/EQSIM_to_EQSIM_E.test/0032_0006_0001_0003.exp
/media/sf_X_DRIVE/projects/test_slate/basic/eqv/ipu1/ILS2_RF_BASIC-1.0CUR/ILS2_RF_BASIC/verification/test/test_instructions/ALL_TI.test/EQSIM_to_EQSIM_E.test/EQSIM_to_EQSIM_E.test/0032_0006_0001_0004.exp
/media/sf_X_DRIVE/projects/test_slate/basic/eqv/ipu1/ILS2_RF_BASIC-1.0CUR/ILS2_RF_BASIC/verification/test/test_instructions/ALL_TI.test/EQSIM_to_EQSIM_E.test/EQSIM_to_EQSIM_E.test/0032_0006_0001_0005.exp
/media/sf_X_DRIVE/projects/test_slate/basic/eqv/ipu1/ILS2_RF_BASIC-1.0CUR/ILS2_RF_BASIC/verification/test/test_instructions/ALL_TI.test/EQSIM_to_EQSIM_E.test/EQSIM_to_EQSIM_E.test/0032_0006_0002_0001.exp
/media/sf_X_DRIVE/projects/test_slate/basic/eqv/ipu1/ILS2_RF_BASIC-1.0CUR/ILS2_RF_BASIC/verification/test/test_instructions/ALL_TI.test/EQSIM_to_EQSIM_E.test/EQSIM_to_EQSIM_E.test/0032_0006_0002_0002.exp
/media/sf_X_DRIVE/projects/test_slate/basic/eqv/ipu1/ILS2_RF_BASIC-1.0CUR/ILS2_RF_BASIC/verification/test/test_instructions/ALL_TI.test/EQSIM_to_EQSIM_E.test/EQSIM_to_EQSIM_E.test/0032_0006_0002_0003.exp
/media/sf_X_DRIVE/projects/test_slate/basic/eqv/ipu1/ILS2_RF_BASIC-1.0CUR/ILS2_RF_BASIC/verification/test/test_instructions/ALL_TI.test/EQSIM_to_EQSIM_E.test/EQSIM_to_EQSIM_E.test/0032_0006_0002_0004.exp
/media/sf_X_DRIVE/projects/test_slate/basic/eqv/ipu1/ILS2_RF_BASIC-1.0CUR/ILS2_RF_BASIC/verification/test/test_instructions/ALL_TI.test/EQSIM_to_EQSIM_E.test/EQSIM_to_EQSIM_E.test/0032_0006_0002_0005.exp
/media/sf_X_DRIVE/projects/test_slate/basic/eqv/ipu1/ILS2_RF_BASIC-1.0CUR/ILS2_RF_BASIC/verification/test/test_instructions/ALL_TI.test/EQSIM_to_EQSIM_E.test/EQSIM_to_EQSIM_E.test/0032_0006_0003_0001.exp
/media/sf_X_DRIVE/projects/test_slate/basic/eqv/ipu1/ILS2_RF_BASIC-1.0CUR/ILS2_RF_BASIC/verification/test/test_instructions/ALL_TI.test/EQSIM_to_EQSIM_E.test/EQSIM_to_EQSIM_E.test/0032_0006_0003_0002.exp
/media/sf_X_DRIVE/projects/test_slate/basic/eqv/ipu1/ILS2_RF_BASIC-1.0CUR/ILS2_RF_BASIC/verification/test/test_instructions/ALL_TI.test/EQSIM_to_EQSIM_E.test/EQSIM_to_EQSIM_E.test/0032_0006_0003_0003.exp
/media/sf_X_DRIVE/projects/test_slate/basic/eqv/ipu1/ILS2_RF_BASIC-1.0CUR/ILS2_RF_BASIC/verification/test/test_instructions/ALL_TI.test/EQSIM_to_EQSIM_E.test/EQSIM_to_EQSIM_E.test/0032_0006_0003_0004.exp
/media/sf_X_DRIVE/projects/test_slate/basic/eqv/ipu1/ILS2_RF_BASIC-1.0CUR/ILS2_RF_BASIC/verification/test/test_instructions/ALL_TI.test/EQSIM_to_EQSIM_E.test/EQSIM_to_EQSIM_E.test/0032_0006_0003_0005.exp
/media/sf_X_DRIVE/projects/test_slate/basic/eqv/ipu1/ILS2_RF_BASIC-1.0CUR/ILS2_RF_BASIC/verification/test/test_instructions/ALL_TI.test/EQSIM_to_EQSIM_E.test/EQSIM_to_EQSIM_E.test/0032_0006_0003_0006.exp
/media/sf_X_DRIVE/projects/test_slate/basic/eqv/ipu1/ILS2_RF_BASIC-1.0CUR/ILS2_RF_BASIC/verification/test/test_instructions/ALL_TI.test/EQSIM_to_EQSIM_E.test/EQSIM_to_EQSIM_E.test/0032_0006_0004_0001.exp
/media/sf_X_DRIVE/projects/test_slate/basic/eqv/ipu1/ILS2_RF_BASIC-1.0CUR/ILS2_RF_BASIC/verification/test/test_instructions/ALL_TI.test/EQSIM_to_EQSIM_E.test/EQSIM_to_EQSIM_E.test/0032_0006_0004_0002.exp
/media/sf_X_DRIVE/projects/test_slate/basic/eqv/ipu1/ILS2_RF_BASIC-1.0CUR/ILS2_RF_BASIC/verification/test/test_instructions/ALL_TI.test/EQSIM_to_EQSIM_E.test/EQSIM_to_EQSIM_E.test/0032_0006_0004_0003.exp
/media/sf_X_DRIVE/projects/test_slate/basic/eqv/ipu1/ILS2_RF_BASIC-1.0CUR/ILS2_RF_BASIC/verification/test/test_instructions/ALL_TI.test/EQSIM_to_EQSIM_E.test/EQSIM_to_EQSIM_E.test/0032_0006_0004_0004.exp
/media/sf_X_DRIVE/projects/test_slate/basic/eqv/ipu1/ILS2_RF_BASIC-1.0CUR/ILS2_RF_BASIC/verification/test/test_instructions/ALL_TI.test/EQSIM_to_EQSIM_E.test/EQSIM_to_EQSIM_E.test/0032_0006_0004_0005.exp
/media/sf_X_DRIVE/projects/test_slate/basic/eqv/ipu1/ILS2_RF_BASIC-1.0CUR/ILS2_RF_BASIC/verification/test/test_instructions/ALL_TI.test/EQSIM_to_EQSIM_E.test/EQSIM_to_EQSIM_E.test/0032_0006_0004_0006.exp
